pages/Agenda.tsx(1426,105): error TS2339: Property 'notes' does not exist on type 'Appointment'.
pages/Agenda.tsx(1627,56): error TS2339: Property 'notes' does not exist on type 'Appointment'.
pages/Agenda.tsx(1639,74): error TS2339: Property 'notes' does not exist on type 'Appointment'.
pages/PublicBooking.tsx(504,56): error TS2339: Property 'region' does not exist on type 'BusinessProfile'.
pages/PublicBooking.tsx(622,38): error TS2339: Property 'region' does not exist on type 'BusinessProfile'.
pages/PublicBooking.tsx(773,33): error TS2322: Type '"outline"' is not assignable to type '"danger" | "success" | "primary" | "secondary" | "ghost"'.
pages/PublicBooking.tsx(788,34): error TS2339: Property 'cover_photo_url' does not exist on type 'BusinessProfile'.
pages/PublicBooking.tsx(790,47): error TS2339: Property 'cover_photo_url' does not exist on type 'BusinessProfile'.
pages/PublicBooking.tsx(808,38): error TS2339: Property 'logo_url' does not exist on type 'BusinessProfile'.
pages/PublicBooking.tsx(809,52): error TS2339: Property 'logo_url' does not exist on type 'BusinessProfile'.
pages/PublicBooking.tsx(830,35): error TS2339: Property 'address_street' does not exist on type 'BusinessProfile'.
pages/PublicBooking.tsx(833,49): error TS2339: Property 'address_street' does not exist on type 'BusinessProfile'.
pages/PublicBooking.tsx(1401,43): error TS2339: Property 'address_street' does not exist on type 'BusinessProfile'.
pages/PublicBooking.tsx(1405,122): error TS2339: Property 'address_street' does not exist on type 'BusinessProfile'.
pages/PublicBooking.tsx(1410,43): error TS2339: Property 'instagram_handle' does not exist on type 'BusinessProfile'.
pages/PublicBooking.tsx(1412,81): error TS2339: Property 'instagram_handle' does not exist on type 'BusinessProfile'.
pages/PublicBooking.tsx(1421,152): error TS2339: Property 'instagram_handle' does not exist on type 'BusinessProfile'.
pages/QueueManagement.tsx(149,43): error TS2339: Property 'client_id' does not exist on type 'QueueEntry'.
pages/QueueStatus.tsx(260,35): error TS2322: Type '"outline"' is not assignable to type '"danger" | "success" | "primary" | "secondary" | "ghost"'.
